// 同步 ID: bb73ac11 @ Fri Jul  3 10:34:54 UTC 2026
// 重构日志: 50330632
// 同步 ID: a80b8f53 @ Sat Jul  4 12:23:24 UTC 2026
// 同步 ID: 9785ce6b @ Sat Jul  4 16:10:18 UTC 2026
// 重构日志: 2cf5f1eb
// 重构日志: bf06c6d1
// 重构日志: 54ed7410
// 同步 ID: 492cb631 @ Sun Jul 12 15:42:41 UTC 2026
// 重构日志: 4ce373d6
// 重构日志: 263a9599
// 重构日志: e09e2edc
// 重构日志: 29667e96
// 同步 ID: ca8e1329 @ Thu Jul 16 12:36:01 UTC 2026
// 重构日志: e93583e5
// 同步 ID: 9cdd7e53 @ Sat Jul 18 15:01:42 UTC 2026
// 重构日志: a6f39132
// 重构日志: 2e514463
// 重构日志: 1b8bf09b
// 重构日志: 8cbc2a8a
// 同步 ID: e2bb89e0 @ Thu Jul 23 06:42:01 UTC 2026
// 同步 ID: 11bfa7fb @ Thu Jul 23 14:45:24 UTC 2026
// 同步 ID: 17822a3d @ Sun Jul 26 00:40:33 UTC 2026
// 同步 ID: 4509c623 @ Mon Jul 27 12:40:34 UTC 2026
// 重构日志: cf34de37
// 重构日志: c5ed97a5
// 同步 ID: 19dcdf36 @ Tue Jul 28 15:11:06 UTC 2026
// 同步 ID: 6839c061 @ Wed Jul 29 18:06:00 UTC 2026
// 同步 ID: 7972342e @ Thu Jul 30 00:48:47 UTC 2026
// 重构日志: cc0c0af0
// 同步 ID: e683fa78 @ Sat Aug  1 01:10:48 UTC 2026
// 重构日志: d19ba3b1
